Analysis & Synthesis report for Interpolacion
Wed Nov 19 22:28:13 2025
Quartus Prime Version 20.1.1 Build 720 11/11/2020 SJ Lite Edition


---------------------
; Table of Contents ;
---------------------
  1. Legal Notice
  2. Analysis & Synthesis Summary
  3. Analysis & Synthesis Settings
  4. Parallel Compilation
  5. Analysis & Synthesis Source Files Read
  6. Analysis & Synthesis Resource Usage Summary
  7. Analysis & Synthesis Resource Utilization by Entity
  8. Analysis & Synthesis DSP Block Usage Summary
  9. Registers Removed During Synthesis
 10. General Register Statistics
 11. Port Connectivity Checks: "bilinear_interp:sim_lanes[3].u_core"
 12. Port Connectivity Checks: "bilinear_interp:sim_lanes[2].u_core"
 13. Port Connectivity Checks: "bilinear_interp:sim_lanes[1].u_core"
 14. Post-Synthesis Netlist Statistics for Top Partition
 15. Elapsed Time Per Partition
 16. Analysis & Synthesis Messages



----------------
; Legal Notice ;
----------------
Copyright (C) 2020  Intel Corporation. All rights reserved.
Your use of Intel Corporation's design tools, logic functions 
and other software and tools, and any partner logic 
functions, and any output files from any of the foregoing 
(including device programming or simulation files), and any 
associated documentation or information are expressly subject 
to the terms and conditions of the Intel Program License 
Subscription Agreement, the Intel Quartus Prime License Agreement,
the Intel FPGA IP License Agreement, or other applicable license
agreement, including, without limitation, that your use is for
the sole purpose of programming logic devices manufactured by
Intel and sold by Intel or its authorized distributors.  Please
refer to the applicable agreement for further details, at
https://fpgasoftware.intel.com/eula.



+-------------------------------------------------------------------------------+
; Analysis & Synthesis Summary                                                  ;
+---------------------------------+---------------------------------------------+
; Analysis & Synthesis Status     ; Successful - Wed Nov 19 22:28:13 2025       ;
; Quartus Prime Version           ; 20.1.1 Build 720 11/11/2020 SJ Lite Edition ;
; Revision Name                   ; Interpolacion                               ;
; Top-level Entity Name           ; bilinear_interp_simd                        ;
; Family                          ; Cyclone V                                   ;
; Logic utilization (in ALMs)     ; N/A                                         ;
; Total registers                 ; 211                                         ;
; Total pins                      ; 196                                         ;
; Total virtual pins              ; 0                                           ;
; Total block memory bits         ; 0                                           ;
; Total DSP Blocks                ; 24                                          ;
; Total HSSI RX PCSs              ; 0                                           ;
; Total HSSI PMA RX Deserializers ; 0                                           ;
; Total HSSI TX PCSs              ; 0                                           ;
; Total HSSI PMA TX Serializers   ; 0                                           ;
; Total PLLs                      ; 0                                           ;
; Total DLLs                      ; 0                                           ;
+---------------------------------+---------------------------------------------+


+-----------------------------------------------------------------------------------------------------------------------------+
; Analysis & Synthesis Settings                                                                                               ;
+---------------------------------------------------------------------------------+----------------------+--------------------+
; Option                                                                          ; Setting              ; Default Value      ;
+---------------------------------------------------------------------------------+----------------------+--------------------+
; Device                                                                          ; 5CSEMA5F31C6         ;                    ;
; Top-level entity name                                                           ; bilinear_interp_simd ; Interpolacion      ;
; Family name                                                                     ; Cyclone V            ; Cyclone V          ;
; Use smart compilation                                                           ; Off                  ; Off                ;
; Enable parallel Assembler and Timing Analyzer during compilation                ; On                   ; On                 ;
; Enable compact report table                                                     ; Off                  ; Off                ;
; Restructure Multiplexers                                                        ; Auto                 ; Auto               ;
; MLAB Add Timing Constraints For Mixed-Port Feed-Through Mode Setting Don't Care ; Off                  ; Off                ;
; Create Debugging Nodes for IP Cores                                             ; Off                  ; Off                ;
; Preserve fewer node names                                                       ; On                   ; On                 ;
; Intel FPGA IP Evaluation Mode                                                   ; Enable               ; Enable             ;
; Verilog Version                                                                 ; Verilog_2001         ; Verilog_2001       ;
; VHDL Version                                                                    ; VHDL_1993            ; VHDL_1993          ;
; State Machine Processing                                                        ; Auto                 ; Auto               ;
; Safe State Machine                                                              ; Off                  ; Off                ;
; Extract Verilog State Machines                                                  ; On                   ; On                 ;
; Extract VHDL State Machines                                                     ; On                   ; On                 ;
; Ignore Verilog initial constructs                                               ; Off                  ; Off                ;
; Iteration limit for constant Verilog loops                                      ; 5000                 ; 5000               ;
; Iteration limit for non-constant Verilog loops                                  ; 250                  ; 250                ;
; Add Pass-Through Logic to Inferred RAMs                                         ; On                   ; On                 ;
; Infer RAMs from Raw Logic                                                       ; On                   ; On                 ;
; Parallel Synthesis                                                              ; On                   ; On                 ;
; DSP Block Balancing                                                             ; Auto                 ; Auto               ;
; NOT Gate Push-Back                                                              ; On                   ; On                 ;
; Power-Up Don't Care                                                             ; On                   ; On                 ;
; Remove Redundant Logic Cells                                                    ; Off                  ; Off                ;
; Remove Duplicate Registers                                                      ; On                   ; On                 ;
; Ignore CARRY Buffers                                                            ; Off                  ; Off                ;
; Ignore CASCADE Buffers                                                          ; Off                  ; Off                ;
; Ignore GLOBAL Buffers                                                           ; Off                  ; Off                ;
; Ignore ROW GLOBAL Buffers                                                       ; Off                  ; Off                ;
; Ignore LCELL Buffers                                                            ; Off                  ; Off                ;
; Ignore SOFT Buffers                                                             ; On                   ; On                 ;
; Limit AHDL Integers to 32 Bits                                                  ; Off                  ; Off                ;
; Optimization Technique                                                          ; Balanced             ; Balanced           ;
; Carry Chain Length                                                              ; 70                   ; 70                 ;
; Auto Carry Chains                                                               ; On                   ; On                 ;
; Auto Open-Drain Pins                                                            ; On                   ; On                 ;
; Perform WYSIWYG Primitive Resynthesis                                           ; Off                  ; Off                ;
; Auto ROM Replacement                                                            ; On                   ; On                 ;
; Auto RAM Replacement                                                            ; On                   ; On                 ;
; Auto DSP Block Replacement                                                      ; On                   ; On                 ;
; Auto Shift Register Replacement                                                 ; Auto                 ; Auto               ;
; Allow Shift Register Merging across Hierarchies                                 ; Auto                 ; Auto               ;
; Auto Clock Enable Replacement                                                   ; On                   ; On                 ;
; Strict RAM Replacement                                                          ; Off                  ; Off                ;
; Allow Synchronous Control Signals                                               ; On                   ; On                 ;
; Force Use of Synchronous Clear Signals                                          ; Off                  ; Off                ;
; Auto Resource Sharing                                                           ; Off                  ; Off                ;
; Allow Any RAM Size For Recognition                                              ; Off                  ; Off                ;
; Allow Any ROM Size For Recognition                                              ; Off                  ; Off                ;
; Allow Any Shift Register Size For Recognition                                   ; Off                  ; Off                ;
; Use LogicLock Constraints during Resource Balancing                             ; On                   ; On                 ;
; Ignore translate_off and synthesis_off directives                               ; Off                  ; Off                ;
; Timing-Driven Synthesis                                                         ; On                   ; On                 ;
; Report Parameter Settings                                                       ; On                   ; On                 ;
; Report Source Assignments                                                       ; On                   ; On                 ;
; Report Connectivity Checks                                                      ; On                   ; On                 ;
; Ignore Maximum Fan-Out Assignments                                              ; Off                  ; Off                ;
; Synchronization Register Chain Length                                           ; 3                    ; 3                  ;
; Power Optimization During Synthesis                                             ; Normal compilation   ; Normal compilation ;
; HDL message level                                                               ; Level2               ; Level2             ;
; Suppress Register Optimization Related Messages                                 ; Off                  ; Off                ;
; Number of Removed Registers Reported in Synthesis Report                        ; 5000                 ; 5000               ;
; Number of Swept Nodes Reported in Synthesis Report                              ; 5000                 ; 5000               ;
; Number of Inverted Registers Reported in Synthesis Report                       ; 100                  ; 100                ;
; Clock MUX Protection                                                            ; On                   ; On                 ;
; Auto Gated Clock Conversion                                                     ; Off                  ; Off                ;
; Block Design Naming                                                             ; Auto                 ; Auto               ;
; SDC constraint protection                                                       ; Off                  ; Off                ;
; Synthesis Effort                                                                ; Auto                 ; Auto               ;
; Shift Register Replacement - Allow Asynchronous Clear Signal                    ; On                   ; On                 ;
; Pre-Mapping Resynthesis Optimization                                            ; Off                  ; Off                ;
; Analysis & Synthesis Message Level                                              ; Medium               ; Medium             ;
; Disable Register Merging Across Hierarchies                                     ; Auto                 ; Auto               ;
; Resource Aware Inference For Block RAM                                          ; On                   ; On                 ;
; Automatic Parallel Synthesis                                                    ; On                   ; On                 ;
; Partial Reconfiguration Bitstream ID                                            ; Off                  ; Off                ;
+---------------------------------------------------------------------------------+----------------------+--------------------+


+------------------------------------------+
; Parallel Compilation                     ;
+----------------------------+-------------+
; Processors                 ; Number      ;
+----------------------------+-------------+
; Number detected on machine ; 12          ;
; Maximum allowed            ; 12          ;
;                            ;             ;
; Average used               ; 1.00        ;
; Maximum used               ; 12          ;
;                            ;             ;
; Usage by Processor         ; % Time Used ;
;     Processor 1            ; 100.0%      ;
;     Processor 2            ;   0.0%      ;
;     Processor 3            ;   0.0%      ;
;     Processor 4            ;   0.0%      ;
;     Processor 5            ;   0.0%      ;
;     Processor 6            ;   0.0%      ;
;     Processor 7            ;   0.0%      ;
;     Processor 8            ;   0.0%      ;
;     Processors 9-12        ;   0.0%      ;
+----------------------------+-------------+


+-------------------------------------------------------------------------------------------------------------------------------------------------------------------------------------------------------------------------------------------------------------+
; Analysis & Synthesis Source Files Read                                                                                                                                                                                                                      ;
+----------------------------------+-----------------+------------------------------+---------------------------------------------------------------------------------------------------------------------------------------------------------------+---------+
; File Name with User-Entered Path ; Used in Netlist ; File Type                    ; File Name with Absolute Path                                                                                                                                  ; Library ;
+----------------------------------+-----------------+------------------------------+---------------------------------------------------------------------------------------------------------------------------------------------------------------+---------+
; bilinear_interp.sv               ; yes             ; User SystemVerilog HDL File  ; /home/jose/Documents/TEC/2025/II Semestre/CE4302 - Arquitectura de Computadores II/Proyectos/Proyecto 2/DSA_Downscaling/Interpolacion/bilinear_interp.sv      ;         ;
; bilinear_interp_simd.sv          ; yes             ; User SystemVerilog HDL File  ; /home/jose/Documents/TEC/2025/II Semestre/CE4302 - Arquitectura de Computadores II/Proyectos/Proyecto 2/DSA_Downscaling/Interpolacion/bilinear_interp_simd.sv ;         ;
; stage1_interp_x.sv               ; yes             ; User SystemVerilog HDL File  ; /home/jose/Documents/TEC/2025/II Semestre/CE4302 - Arquitectura de Computadores II/Proyectos/Proyecto 2/DSA_Downscaling/Interpolacion/stage1_interp_x.sv      ;         ;
; stage2_interp_y.sv               ; yes             ; User SystemVerilog HDL File  ; /home/jose/Documents/TEC/2025/II Semestre/CE4302 - Arquitectura de Computadores II/Proyectos/Proyecto 2/DSA_Downscaling/Interpolacion/stage2_interp_y.sv      ;         ;
; stage3_convert.sv                ; yes             ; User SystemVerilog HDL File  ; /home/jose/Documents/TEC/2025/II Semestre/CE4302 - Arquitectura de Computadores II/Proyectos/Proyecto 2/DSA_Downscaling/Interpolacion/stage3_convert.sv       ;         ;
+----------------------------------+-----------------+------------------------------+---------------------------------------------------------------------------------------------------------------------------------------------------------------+---------+


+---------------------------------------------------------+
; Analysis & Synthesis Resource Usage Summary             ;
+---------------------------------------------+-----------+
; Resource                                    ; Usage     ;
+---------------------------------------------+-----------+
; Estimate of Logic utilization (ALMs needed) ; 120       ;
;                                             ;           ;
; Combinational ALUT usage for logic          ; 223       ;
;     -- 7 input functions                    ; 0         ;
;     -- 6 input functions                    ; 0         ;
;     -- 5 input functions                    ; 0         ;
;     -- 4 input functions                    ; 0         ;
;     -- <=3 input functions                  ; 223       ;
;                                             ;           ;
; Dedicated logic registers                   ; 211       ;
;                                             ;           ;
; I/O pins                                    ; 196       ;
;                                             ;           ;
; Total DSP Blocks                            ; 24        ;
;                                             ;           ;
; Maximum fan-out node                        ; clk~input ;
; Maximum fan-out                             ; 211       ;
; Total fan-out                               ; 2127      ;
; Average fan-out                             ; 2.50      ;
+---------------------------------------------+-----------+


+------------------------------------------------------------------------------------------------------------------------------------------------------------------------------------------------------------------------------------------------------------------------------+
; Analysis & Synthesis Resource Utilization by Entity                                                                                                                                                                                                                          ;
+------------------------------------------+---------------------+---------------------------+-------------------+------------+------+--------------+------------------------------------------------------------------------------------+----------------------+--------------+
; Compilation Hierarchy Node               ; Combinational ALUTs ; Dedicated Logic Registers ; Block Memory Bits ; DSP Blocks ; Pins ; Virtual Pins ; Full Hierarchy Name                                                                ; Entity Name          ; Library Name ;
+------------------------------------------+---------------------+---------------------------+-------------------+------------+------+--------------+------------------------------------------------------------------------------------+----------------------+--------------+
; |bilinear_interp_simd                    ; 223 (0)             ; 211 (0)                   ; 0                 ; 24         ; 196  ; 0            ; |bilinear_interp_simd                                                              ; bilinear_interp_simd ; work         ;
;    |bilinear_interp:sim_lanes[0].u_core| ; 79 (0)              ; 67 (0)                    ; 0                 ; 6          ; 0    ; 0            ; |bilinear_interp_simd|bilinear_interp:sim_lanes[0].u_core                          ; bilinear_interp      ; work         ;
;       |stage1_interp_x:u_stage1|         ; 48 (48)             ; 49 (49)                   ; 0                 ; 4          ; 0    ; 0            ; |bilinear_interp_simd|bilinear_interp:sim_lanes[0].u_core|stage1_interp_x:u_stage1 ; stage1_interp_x      ; work         ;
;       |stage2_interp_y:u_stage2|         ; 31 (31)             ; 9 (9)                     ; 0                 ; 2          ; 0    ; 0            ; |bilinear_interp_simd|bilinear_interp:sim_lanes[0].u_core|stage2_interp_y:u_stage2 ; stage2_interp_y      ; work         ;
;       |stage3_convert:u_stage3|          ; 0 (0)               ; 9 (9)                     ; 0                 ; 0          ; 0    ; 0            ; |bilinear_interp_simd|bilinear_interp:sim_lanes[0].u_core|stage3_convert:u_stage3  ; stage3_convert       ; work         ;
;    |bilinear_interp:sim_lanes[1].u_core| ; 48 (0)              ; 48 (0)                    ; 0                 ; 6          ; 0    ; 0            ; |bilinear_interp_simd|bilinear_interp:sim_lanes[1].u_core                          ; bilinear_interp      ; work         ;
;       |stage1_interp_x:u_stage1|         ; 32 (32)             ; 32 (32)                   ; 0                 ; 4          ; 0    ; 0            ; |bilinear_interp_simd|bilinear_interp:sim_lanes[1].u_core|stage1_interp_x:u_stage1 ; stage1_interp_x      ; work         ;
;       |stage2_interp_y:u_stage2|         ; 16 (16)             ; 8 (8)                     ; 0                 ; 2          ; 0    ; 0            ; |bilinear_interp_simd|bilinear_interp:sim_lanes[1].u_core|stage2_interp_y:u_stage2 ; stage2_interp_y      ; work         ;
;       |stage3_convert:u_stage3|          ; 0 (0)               ; 8 (8)                     ; 0                 ; 0          ; 0    ; 0            ; |bilinear_interp_simd|bilinear_interp:sim_lanes[1].u_core|stage3_convert:u_stage3  ; stage3_convert       ; work         ;
;    |bilinear_interp:sim_lanes[2].u_core| ; 48 (0)              ; 48 (0)                    ; 0                 ; 6          ; 0    ; 0            ; |bilinear_interp_simd|bilinear_interp:sim_lanes[2].u_core                          ; bilinear_interp      ; work         ;
;       |stage1_interp_x:u_stage1|         ; 32 (32)             ; 32 (32)                   ; 0                 ; 4          ; 0    ; 0            ; |bilinear_interp_simd|bilinear_interp:sim_lanes[2].u_core|stage1_interp_x:u_stage1 ; stage1_interp_x      ; work         ;
;       |stage2_interp_y:u_stage2|         ; 16 (16)             ; 8 (8)                     ; 0                 ; 2          ; 0    ; 0            ; |bilinear_interp_simd|bilinear_interp:sim_lanes[2].u_core|stage2_interp_y:u_stage2 ; stage2_interp_y      ; work         ;
;       |stage3_convert:u_stage3|          ; 0 (0)               ; 8 (8)                     ; 0                 ; 0          ; 0    ; 0            ; |bilinear_interp_simd|bilinear_interp:sim_lanes[2].u_core|stage3_convert:u_stage3  ; stage3_convert       ; work         ;
;    |bilinear_interp:sim_lanes[3].u_core| ; 48 (0)              ; 48 (0)                    ; 0                 ; 6          ; 0    ; 0            ; |bilinear_interp_simd|bilinear_interp:sim_lanes[3].u_core                          ; bilinear_interp      ; work         ;
;       |stage1_interp_x:u_stage1|         ; 32 (32)             ; 32 (32)                   ; 0                 ; 4          ; 0    ; 0            ; |bilinear_interp_simd|bilinear_interp:sim_lanes[3].u_core|stage1_interp_x:u_stage1 ; stage1_interp_x      ; work         ;
;       |stage2_interp_y:u_stage2|         ; 16 (16)             ; 8 (8)                     ; 0                 ; 2          ; 0    ; 0            ; |bilinear_interp_simd|bilinear_interp:sim_lanes[3].u_core|stage2_interp_y:u_stage2 ; stage2_interp_y      ; work         ;
;       |stage3_convert:u_stage3|          ; 0 (0)               ; 8 (8)                     ; 0                 ; 0          ; 0    ; 0            ; |bilinear_interp_simd|bilinear_interp:sim_lanes[3].u_core|stage3_convert:u_stage3  ; stage3_convert       ; work         ;
+------------------------------------------+---------------------+---------------------------+-------------------+------------+------+--------------+------------------------------------------------------------------------------------+----------------------+--------------+
Note: For table entries with two numbers listed, the numbers in parentheses indicate the number of resources of the given type used by the specific entity alone. The numbers listed outside of parentheses indicate the total resources of the given type used by the specific entity and all of its sub-entities in the hierarchy.


+-----------------------------------------------+
; Analysis & Synthesis DSP Block Usage Summary  ;
+---------------------------------+-------------+
; Statistic                       ; Number Used ;
+---------------------------------+-------------+
; Two Independent 18x18           ; 24          ;
; Total number of DSP blocks      ; 24          ;
;                                 ;             ;
; Fixed Point Unsigned Multiplier ; 24          ;
+---------------------------------+-------------+


+---------------------------------------------------------------------------------------------------------------------------------------------------------------+
; Registers Removed During Synthesis                                                                                                                            ;
+-------------------------------------------------------------------------+-------------------------------------------------------------------------------------+
; Register name                                                           ; Reason for Removal                                                                  ;
+-------------------------------------------------------------------------+-------------------------------------------------------------------------------------+
; bilinear_interp:sim_lanes[1].u_core|stage1_interp_x:u_stage1|o_wy_q[0]  ; Merged with bilinear_interp:sim_lanes[0].u_core|stage1_interp_x:u_stage1|o_wy_q[0]  ;
; bilinear_interp:sim_lanes[2].u_core|stage1_interp_x:u_stage1|o_wy_q[0]  ; Merged with bilinear_interp:sim_lanes[0].u_core|stage1_interp_x:u_stage1|o_wy_q[0]  ;
; bilinear_interp:sim_lanes[3].u_core|stage1_interp_x:u_stage1|o_wy_q[0]  ; Merged with bilinear_interp:sim_lanes[0].u_core|stage1_interp_x:u_stage1|o_wy_q[0]  ;
; bilinear_interp:sim_lanes[1].u_core|stage1_interp_x:u_stage1|o_wy_q[1]  ; Merged with bilinear_interp:sim_lanes[0].u_core|stage1_interp_x:u_stage1|o_wy_q[1]  ;
; bilinear_interp:sim_lanes[2].u_core|stage1_interp_x:u_stage1|o_wy_q[1]  ; Merged with bilinear_interp:sim_lanes[0].u_core|stage1_interp_x:u_stage1|o_wy_q[1]  ;
; bilinear_interp:sim_lanes[3].u_core|stage1_interp_x:u_stage1|o_wy_q[1]  ; Merged with bilinear_interp:sim_lanes[0].u_core|stage1_interp_x:u_stage1|o_wy_q[1]  ;
; bilinear_interp:sim_lanes[1].u_core|stage1_interp_x:u_stage1|o_wy_q[2]  ; Merged with bilinear_interp:sim_lanes[0].u_core|stage1_interp_x:u_stage1|o_wy_q[2]  ;
; bilinear_interp:sim_lanes[2].u_core|stage1_interp_x:u_stage1|o_wy_q[2]  ; Merged with bilinear_interp:sim_lanes[0].u_core|stage1_interp_x:u_stage1|o_wy_q[2]  ;
; bilinear_interp:sim_lanes[3].u_core|stage1_interp_x:u_stage1|o_wy_q[2]  ; Merged with bilinear_interp:sim_lanes[0].u_core|stage1_interp_x:u_stage1|o_wy_q[2]  ;
; bilinear_interp:sim_lanes[1].u_core|stage1_interp_x:u_stage1|o_wy_q[3]  ; Merged with bilinear_interp:sim_lanes[0].u_core|stage1_interp_x:u_stage1|o_wy_q[3]  ;
; bilinear_interp:sim_lanes[2].u_core|stage1_interp_x:u_stage1|o_wy_q[3]  ; Merged with bilinear_interp:sim_lanes[0].u_core|stage1_interp_x:u_stage1|o_wy_q[3]  ;
; bilinear_interp:sim_lanes[3].u_core|stage1_interp_x:u_stage1|o_wy_q[3]  ; Merged with bilinear_interp:sim_lanes[0].u_core|stage1_interp_x:u_stage1|o_wy_q[3]  ;
; bilinear_interp:sim_lanes[1].u_core|stage1_interp_x:u_stage1|o_wy_q[4]  ; Merged with bilinear_interp:sim_lanes[0].u_core|stage1_interp_x:u_stage1|o_wy_q[4]  ;
; bilinear_interp:sim_lanes[2].u_core|stage1_interp_x:u_stage1|o_wy_q[4]  ; Merged with bilinear_interp:sim_lanes[0].u_core|stage1_interp_x:u_stage1|o_wy_q[4]  ;
; bilinear_interp:sim_lanes[3].u_core|stage1_interp_x:u_stage1|o_wy_q[4]  ; Merged with bilinear_interp:sim_lanes[0].u_core|stage1_interp_x:u_stage1|o_wy_q[4]  ;
; bilinear_interp:sim_lanes[1].u_core|stage1_interp_x:u_stage1|o_wy_q[5]  ; Merged with bilinear_interp:sim_lanes[0].u_core|stage1_interp_x:u_stage1|o_wy_q[5]  ;
; bilinear_interp:sim_lanes[2].u_core|stage1_interp_x:u_stage1|o_wy_q[5]  ; Merged with bilinear_interp:sim_lanes[0].u_core|stage1_interp_x:u_stage1|o_wy_q[5]  ;
; bilinear_interp:sim_lanes[3].u_core|stage1_interp_x:u_stage1|o_wy_q[5]  ; Merged with bilinear_interp:sim_lanes[0].u_core|stage1_interp_x:u_stage1|o_wy_q[5]  ;
; bilinear_interp:sim_lanes[1].u_core|stage1_interp_x:u_stage1|o_wy_q[6]  ; Merged with bilinear_interp:sim_lanes[0].u_core|stage1_interp_x:u_stage1|o_wy_q[6]  ;
; bilinear_interp:sim_lanes[2].u_core|stage1_interp_x:u_stage1|o_wy_q[6]  ; Merged with bilinear_interp:sim_lanes[0].u_core|stage1_interp_x:u_stage1|o_wy_q[6]  ;
; bilinear_interp:sim_lanes[3].u_core|stage1_interp_x:u_stage1|o_wy_q[6]  ; Merged with bilinear_interp:sim_lanes[0].u_core|stage1_interp_x:u_stage1|o_wy_q[6]  ;
; bilinear_interp:sim_lanes[1].u_core|stage1_interp_x:u_stage1|o_wy_q[7]  ; Merged with bilinear_interp:sim_lanes[0].u_core|stage1_interp_x:u_stage1|o_wy_q[7]  ;
; bilinear_interp:sim_lanes[2].u_core|stage1_interp_x:u_stage1|o_wy_q[7]  ; Merged with bilinear_interp:sim_lanes[0].u_core|stage1_interp_x:u_stage1|o_wy_q[7]  ;
; bilinear_interp:sim_lanes[3].u_core|stage1_interp_x:u_stage1|o_wy_q[7]  ; Merged with bilinear_interp:sim_lanes[0].u_core|stage1_interp_x:u_stage1|o_wy_q[7]  ;
; bilinear_interp:sim_lanes[1].u_core|stage1_interp_x:u_stage1|o_wy_q[8]  ; Merged with bilinear_interp:sim_lanes[0].u_core|stage1_interp_x:u_stage1|o_wy_q[8]  ;
; bilinear_interp:sim_lanes[2].u_core|stage1_interp_x:u_stage1|o_wy_q[8]  ; Merged with bilinear_interp:sim_lanes[0].u_core|stage1_interp_x:u_stage1|o_wy_q[8]  ;
; bilinear_interp:sim_lanes[3].u_core|stage1_interp_x:u_stage1|o_wy_q[8]  ; Merged with bilinear_interp:sim_lanes[0].u_core|stage1_interp_x:u_stage1|o_wy_q[8]  ;
; bilinear_interp:sim_lanes[1].u_core|stage1_interp_x:u_stage1|o_wy_q[9]  ; Merged with bilinear_interp:sim_lanes[0].u_core|stage1_interp_x:u_stage1|o_wy_q[9]  ;
; bilinear_interp:sim_lanes[2].u_core|stage1_interp_x:u_stage1|o_wy_q[9]  ; Merged with bilinear_interp:sim_lanes[0].u_core|stage1_interp_x:u_stage1|o_wy_q[9]  ;
; bilinear_interp:sim_lanes[3].u_core|stage1_interp_x:u_stage1|o_wy_q[9]  ; Merged with bilinear_interp:sim_lanes[0].u_core|stage1_interp_x:u_stage1|o_wy_q[9]  ;
; bilinear_interp:sim_lanes[1].u_core|stage1_interp_x:u_stage1|o_wy_q[10] ; Merged with bilinear_interp:sim_lanes[0].u_core|stage1_interp_x:u_stage1|o_wy_q[10] ;
; bilinear_interp:sim_lanes[2].u_core|stage1_interp_x:u_stage1|o_wy_q[10] ; Merged with bilinear_interp:sim_lanes[0].u_core|stage1_interp_x:u_stage1|o_wy_q[10] ;
; bilinear_interp:sim_lanes[3].u_core|stage1_interp_x:u_stage1|o_wy_q[10] ; Merged with bilinear_interp:sim_lanes[0].u_core|stage1_interp_x:u_stage1|o_wy_q[10] ;
; bilinear_interp:sim_lanes[1].u_core|stage1_interp_x:u_stage1|o_wy_q[11] ; Merged with bilinear_interp:sim_lanes[0].u_core|stage1_interp_x:u_stage1|o_wy_q[11] ;
; bilinear_interp:sim_lanes[2].u_core|stage1_interp_x:u_stage1|o_wy_q[11] ; Merged with bilinear_interp:sim_lanes[0].u_core|stage1_interp_x:u_stage1|o_wy_q[11] ;
; bilinear_interp:sim_lanes[3].u_core|stage1_interp_x:u_stage1|o_wy_q[11] ; Merged with bilinear_interp:sim_lanes[0].u_core|stage1_interp_x:u_stage1|o_wy_q[11] ;
; bilinear_interp:sim_lanes[1].u_core|stage1_interp_x:u_stage1|o_wy_q[12] ; Merged with bilinear_interp:sim_lanes[0].u_core|stage1_interp_x:u_stage1|o_wy_q[12] ;
; bilinear_interp:sim_lanes[2].u_core|stage1_interp_x:u_stage1|o_wy_q[12] ; Merged with bilinear_interp:sim_lanes[0].u_core|stage1_interp_x:u_stage1|o_wy_q[12] ;
; bilinear_interp:sim_lanes[3].u_core|stage1_interp_x:u_stage1|o_wy_q[12] ; Merged with bilinear_interp:sim_lanes[0].u_core|stage1_interp_x:u_stage1|o_wy_q[12] ;
; bilinear_interp:sim_lanes[1].u_core|stage1_interp_x:u_stage1|o_wy_q[13] ; Merged with bilinear_interp:sim_lanes[0].u_core|stage1_interp_x:u_stage1|o_wy_q[13] ;
; bilinear_interp:sim_lanes[2].u_core|stage1_interp_x:u_stage1|o_wy_q[13] ; Merged with bilinear_interp:sim_lanes[0].u_core|stage1_interp_x:u_stage1|o_wy_q[13] ;
; bilinear_interp:sim_lanes[3].u_core|stage1_interp_x:u_stage1|o_wy_q[13] ; Merged with bilinear_interp:sim_lanes[0].u_core|stage1_interp_x:u_stage1|o_wy_q[13] ;
; bilinear_interp:sim_lanes[1].u_core|stage1_interp_x:u_stage1|o_wy_q[14] ; Merged with bilinear_interp:sim_lanes[0].u_core|stage1_interp_x:u_stage1|o_wy_q[14] ;
; bilinear_interp:sim_lanes[2].u_core|stage1_interp_x:u_stage1|o_wy_q[14] ; Merged with bilinear_interp:sim_lanes[0].u_core|stage1_interp_x:u_stage1|o_wy_q[14] ;
; bilinear_interp:sim_lanes[3].u_core|stage1_interp_x:u_stage1|o_wy_q[14] ; Merged with bilinear_interp:sim_lanes[0].u_core|stage1_interp_x:u_stage1|o_wy_q[14] ;
; bilinear_interp:sim_lanes[1].u_core|stage1_interp_x:u_stage1|o_wy_q[15] ; Merged with bilinear_interp:sim_lanes[0].u_core|stage1_interp_x:u_stage1|o_wy_q[15] ;
; bilinear_interp:sim_lanes[2].u_core|stage1_interp_x:u_stage1|o_wy_q[15] ; Merged with bilinear_interp:sim_lanes[0].u_core|stage1_interp_x:u_stage1|o_wy_q[15] ;
; bilinear_interp:sim_lanes[3].u_core|stage1_interp_x:u_stage1|o_wy_q[15] ; Merged with bilinear_interp:sim_lanes[0].u_core|stage1_interp_x:u_stage1|o_wy_q[15] ;
; Total Number of Removed Registers = 48                                  ;                                                                                     ;
+-------------------------------------------------------------------------+-------------------------------------------------------------------------------------+


+------------------------------------------------------+
; General Register Statistics                          ;
+----------------------------------------------+-------+
; Statistic                                    ; Value ;
+----------------------------------------------+-------+
; Total registers                              ; 211   ;
; Number of registers using Synchronous Clear  ; 0     ;
; Number of registers using Synchronous Load   ; 0     ;
; Number of registers using Asynchronous Clear ; 211   ;
; Number of registers using Asynchronous Load  ; 0     ;
; Number of registers using Clock Enable       ; 0     ;
; Number of registers using Preset             ; 0     ;
+----------------------------------------------+-------+


+-------------------------------------------------------------------------------------------------------------------+
; Port Connectivity Checks: "bilinear_interp:sim_lanes[3].u_core"                                                   ;
+---------+--------+----------+-------------------------------------------------------------------------------------+
; Port    ; Type   ; Severity ; Details                                                                             ;
+---------+--------+----------+-------------------------------------------------------------------------------------+
; o_valid ; Output ; Info     ; Connected to dangling logic. Logic that only feeds a dangling port will be removed. ;
+---------+--------+----------+-------------------------------------------------------------------------------------+


+-------------------------------------------------------------------------------------------------------------------+
; Port Connectivity Checks: "bilinear_interp:sim_lanes[2].u_core"                                                   ;
+---------+--------+----------+-------------------------------------------------------------------------------------+
; Port    ; Type   ; Severity ; Details                                                                             ;
+---------+--------+----------+-------------------------------------------------------------------------------------+
; o_valid ; Output ; Info     ; Connected to dangling logic. Logic that only feeds a dangling port will be removed. ;
+---------+--------+----------+-------------------------------------------------------------------------------------+


+-------------------------------------------------------------------------------------------------------------------+
; Port Connectivity Checks: "bilinear_interp:sim_lanes[1].u_core"                                                   ;
+---------+--------+----------+-------------------------------------------------------------------------------------+
; Port    ; Type   ; Severity ; Details                                                                             ;
+---------+--------+----------+-------------------------------------------------------------------------------------+
; o_valid ; Output ; Info     ; Connected to dangling logic. Logic that only feeds a dangling port will be removed. ;
+---------+--------+----------+-------------------------------------------------------------------------------------+


+-----------------------------------------------------+
; Post-Synthesis Netlist Statistics for Top Partition ;
+-----------------------+-----------------------------+
; Type                  ; Count                       ;
+-----------------------+-----------------------------+
; arriav_ff             ; 211                         ;
;     CLR               ; 211                         ;
; arriav_lcell_comb     ; 223                         ;
;     arith             ; 223                         ;
;         1 data inputs ; 30                          ;
;         2 data inputs ; 193                         ;
; arriav_mac            ; 24                          ;
; boundary_port         ; 196                         ;
;                       ;                             ;
; Max LUT depth         ; 2.50                        ;
; Average LUT depth     ; 1.38                        ;
+-----------------------+-----------------------------+


+-------------------------------+
; Elapsed Time Per Partition    ;
+----------------+--------------+
; Partition Name ; Elapsed Time ;
+----------------+--------------+
; Top            ; 00:00:00     ;
+----------------+--------------+


+-------------------------------+
; Analysis & Synthesis Messages ;
+-------------------------------+
Info: *******************************************************************
Info: Running Quartus Prime Analysis & Synthesis
    Info: Version 20.1.1 Build 720 11/11/2020 SJ Lite Edition
    Info: Processing started: Wed Nov 19 22:28:04 2025
Info: Command: quartus_map --read_settings_files=on --write_settings_files=off Interpolacion -c Interpolacion
Warning (18236): Number of processors has not been specified which may cause overloading on shared machines.  Set the global assignment NUM_PARALLEL_PROCESSORS in your QSF to an appropriate value for best performance.
Info (20030): Parallel compilation is enabled and will use 12 of the 12 processors detected
Info (12021): Found 1 design units, including 1 entities, in source file tb_bilinear_interp.sv
    Info (12023): Found entity 1: tb_bilinear_interp File: /home/jose/Documents/TEC/2025/II Semestre/CE4302 - Arquitectura de Computadores II/Proyectos/Proyecto 2/DSA_Downscaling/Interpolacion/tb_bilinear_interp.sv Line: 3
Info (12021): Found 1 design units, including 1 entities, in source file tb_simd_integration.sv
    Info (12023): Found entity 1: tb_simd_integration File: /home/jose/Documents/TEC/2025/II Semestre/CE4302 - Arquitectura de Computadores II/Proyectos/Proyecto 2/DSA_Downscaling/Interpolacion/tb_simd_integration.sv Line: 3
Info (12021): Found 1 design units, including 1 entities, in source file bilinear_interp.sv
    Info (12023): Found entity 1: bilinear_interp File: /home/jose/Documents/TEC/2025/II Semestre/CE4302 - Arquitectura de Computadores II/Proyectos/Proyecto 2/DSA_Downscaling/Interpolacion/bilinear_interp.sv Line: 6
Info (12021): Found 1 design units, including 1 entities, in source file bilinear_interp_simd.sv
    Info (12023): Found entity 1: bilinear_interp_simd File: /home/jose/Documents/TEC/2025/II Semestre/CE4302 - Arquitectura de Computadores II/Proyectos/Proyecto 2/DSA_Downscaling/Interpolacion/bilinear_interp_simd.sv Line: 1
Info (12021): Found 1 design units, including 1 entities, in source file simd_registers.sv
    Info (12023): Found entity 1: simd_registers File: /home/jose/Documents/TEC/2025/II Semestre/CE4302 - Arquitectura de Computadores II/Proyectos/Proyecto 2/DSA_Downscaling/Interpolacion/simd_registers.sv Line: 1
Info (12021): Found 1 design units, including 1 entities, in source file stage1_interp_x.sv
    Info (12023): Found entity 1: stage1_interp_x File: /home/jose/Documents/TEC/2025/II Semestre/CE4302 - Arquitectura de Computadores II/Proyectos/Proyecto 2/DSA_Downscaling/Interpolacion/stage1_interp_x.sv Line: 7
Info (12021): Found 1 design units, including 1 entities, in source file stage2_interp_y.sv
    Info (12023): Found entity 1: stage2_interp_y File: /home/jose/Documents/TEC/2025/II Semestre/CE4302 - Arquitectura de Computadores II/Proyectos/Proyecto 2/DSA_Downscaling/Interpolacion/stage2_interp_y.sv Line: 7
Info (12021): Found 1 design units, including 1 entities, in source file stage3_convert.sv
    Info (12023): Found entity 1: stage3_convert File: /home/jose/Documents/TEC/2025/II Semestre/CE4302 - Arquitectura de Computadores II/Proyectos/Proyecto 2/DSA_Downscaling/Interpolacion/stage3_convert.sv Line: 7
Info (12127): Elaborating entity "bilinear_interp_simd" for the top level hierarchy
Info (12128): Elaborating entity "bilinear_interp" for hierarchy "bilinear_interp:sim_lanes[0].u_core" File: /home/jose/Documents/TEC/2025/II Semestre/CE4302 - Arquitectura de Computadores II/Proyectos/Proyecto 2/DSA_Downscaling/Interpolacion/bilinear_interp_simd.sv Line: 38
Info (12128): Elaborating entity "stage1_interp_x" for hierarchy "bilinear_interp:sim_lanes[0].u_core|stage1_interp_x:u_stage1" File: /home/jose/Documents/TEC/2025/II Semestre/CE4302 - Arquitectura de Computadores II/Proyectos/Proyecto 2/DSA_Downscaling/Interpolacion/bilinear_interp.sv Line: 49
Warning (10230): Verilog HDL assignment warning at stage1_interp_x.sv(42): truncated value with size 32 to match size of target (16) File: /home/jose/Documents/TEC/2025/II Semestre/CE4302 - Arquitectura de Computadores II/Proyectos/Proyecto 2/DSA_Downscaling/Interpolacion/stage1_interp_x.sv Line: 42
Warning (10230): Verilog HDL assignment warning at stage1_interp_x.sv(47): truncated value with size 32 to match size of target (16) File: /home/jose/Documents/TEC/2025/II Semestre/CE4302 - Arquitectura de Computadores II/Proyectos/Proyecto 2/DSA_Downscaling/Interpolacion/stage1_interp_x.sv Line: 47
Info (12128): Elaborating entity "stage2_interp_y" for hierarchy "bilinear_interp:sim_lanes[0].u_core|stage2_interp_y:u_stage2" File: /home/jose/Documents/TEC/2025/II Semestre/CE4302 - Arquitectura de Computadores II/Proyectos/Proyecto 2/DSA_Downscaling/Interpolacion/bilinear_interp.sv Line: 61
Warning (10230): Verilog HDL assignment warning at stage2_interp_y.sv(34): truncated value with size 32 to match size of target (16) File: /home/jose/Documents/TEC/2025/II Semestre/CE4302 - Arquitectura de Computadores II/Proyectos/Proyecto 2/DSA_Downscaling/Interpolacion/stage2_interp_y.sv Line: 34
Info (12128): Elaborating entity "stage3_convert" for hierarchy "bilinear_interp:sim_lanes[0].u_core|stage3_convert:u_stage3" File: /home/jose/Documents/TEC/2025/II Semestre/CE4302 - Arquitectura de Computadores II/Proyectos/Proyecto 2/DSA_Downscaling/Interpolacion/bilinear_interp.sv Line: 71
Info (286030): Timing-Driven Synthesis is running
Info (16010): Generating hard_block partition "hard_block:auto_generated_inst"
    Info (16011): Adding 0 node(s), including 0 DDIO, 0 PLL, 0 transceiver and 0 LCELL
Info (21057): Implemented 494 device resources after synthesis - the final resource count might be different
    Info (21058): Implemented 163 input pins
    Info (21059): Implemented 33 output pins
    Info (21061): Implemented 274 logic cells
    Info (21062): Implemented 24 DSP elements
Info: Quartus Prime Analysis & Synthesis was successful. 0 errors, 4 warnings
    Info: Peak virtual memory: 551 megabytes
    Info: Processing ended: Wed Nov 19 22:28:13 2025
    Info: Elapsed time: 00:00:09
    Info: Total CPU time (on all processors): 00:00:16


