------------------------------------------------------------
Timing Analyzer Summary
------------------------------------------------------------

Type  : Slow 1100mV 85C Model Setup 'clk'
Slack : -6.682
TNS   : -222.977

Type  : Slow 1100mV 85C Model Hold 'clk'
Slack : 0.300
TNS   : 0.000

Type  : Slow 1100mV 85C Model Minimum Pulse Width 'clk'
Slack : -2.225
TNS   : -470.675

Type  : Slow 1100mV 0C Model Setup 'clk'
Slack : -6.871
TNS   : -227.959

Type  : Slow 1100mV 0C Model Hold 'clk'
Slack : 0.282
TNS   : 0.000

Type  : Slow 1100mV 0C Model Minimum Pulse Width 'clk'
Slack : -2.225
TNS   : -474.518

Type  : Fast 1100mV 85C Model Setup 'clk'
Slack : -3.236
TNS   : -104.959

Type  : Fast 1100mV 85C Model Hold 'clk'
Slack : 0.178
TNS   : 0.000

Type  : Fast 1100mV 85C Model Minimum Pulse Width 'clk'
Slack : -1.702
TNS   : -333.307

Type  : Fast 1100mV 0C Model Setup 'clk'
Slack : -3.018
TNS   : -96.250

Type  : Fast 1100mV 0C Model Hold 'clk'
Slack : 0.161
TNS   : 0.000

Type  : Fast 1100mV 0C Model Minimum Pulse Width 'clk'
Slack : -1.702
TNS   : -333.429

------------------------------------------------------------
