Flow report for Interpolacion
Wed Nov 19 20:44:37 2025
Quartus Prime Version 20.1.1 Build 720 11/11/2020 SJ Lite Edition


---------------------
; Table of Contents ;
---------------------
  1. Legal Notice
  2. Flow Summary
  3. Flow Settings
  4. Flow Non-Default Global Settings
  5. Flow Elapsed Time
  6. Flow OS Summary
  7. Flow Log
  8. Flow Messages
  9. Flow Suppressed Messages



----------------
; Legal Notice ;
----------------
Copyright (C) 2020  Intel Corporation. All rights reserved.
Your use of Intel Corporation's design tools, logic functions 
and other software and tools, and any partner logic 
functions, and any output files from any of the foregoing 
(including device programming or simulation files), and any 
associated documentation or information are expressly subject 
to the terms and conditions of the Intel Program License 
Subscription Agreement, the Intel Quartus Prime License Agreement,
the Intel FPGA IP License Agreement, or other applicable license
agreement, including, without limitation, that your use is for
the sole purpose of programming logic devices manufactured by
Intel and sold by Intel or its authorized distributors.  Please
refer to the applicable agreement for further details, at
https://fpgasoftware.intel.com/eula.



+-------------------------------------------------------------------------------+
; Flow Summary                                                                  ;
+---------------------------------+---------------------------------------------+
; Flow Status                     ; Successful - Wed Nov 19 20:44:37 2025       ;
; Quartus Prime Version           ; 20.1.1 Build 720 11/11/2020 SJ Lite Edition ;
; Revision Name                   ; Interpolacion                               ;
; Top-level Entity Name           ; bilinear_interp_simd                        ;
; Family                          ; Cyclone V                                   ;
; Device                          ; 5CSEMA5F31C6                                ;
; Timing Models                   ; Final                                       ;
; Logic utilization (in ALMs)     ; 112 / 32,070 ( < 1 % )                      ;
; Total registers                 ; 83                                          ;
; Total pins                      ; 196 / 457 ( 43 % )                          ;
; Total virtual pins              ; 0                                           ;
; Total block memory bits         ; 0 / 4,065,280 ( 0 % )                       ;
; Total DSP Blocks                ; 24 / 87 ( 28 % )                            ;
; Total HSSI RX PCSs              ; 0                                           ;
; Total HSSI PMA RX Deserializers ; 0                                           ;
; Total HSSI TX PCSs              ; 0                                           ;
; Total HSSI PMA TX Serializers   ; 0                                           ;
; Total PLLs                      ; 0 / 6 ( 0 % )                               ;
; Total DLLs                      ; 0 / 4 ( 0 % )                               ;
+---------------------------------+---------------------------------------------+


+-----------------------------------------+
; Flow Settings                           ;
+-------------------+---------------------+
; Option            ; Setting             ;
+-------------------+---------------------+
; Start date & time ; 11/19/2025 20:43:43 ;
; Main task         ; Compilation         ;
; Revision Name     ; Interpolacion       ;
+-------------------+---------------------+


+----------------------------------------------------------------------------------------------------------------------------------------------------------+
; Flow Non-Default Global Settings                                                                                                                         ;
+--------------------------------------+----------------------------------------+---------------+----------------------+-----------------------------------+
; Assignment Name                      ; Value                                  ; Default Value ; Entity Name          ; Section Id                        ;
+--------------------------------------+----------------------------------------+---------------+----------------------+-----------------------------------+
; COMPILER_SIGNATURE_ID                ; 246337689349315.176360662361736        ; --            ; --                   ; --                                ;
; EDA_DESIGN_INSTANCE_NAME             ; NA                                     ; --            ; --                   ; tb_simd_integration               ;
; EDA_DESIGN_INSTANCE_NAME             ; NA                                     ; --            ; --                   ; tb_bilinear_interp                ;
; EDA_GENERATE_FUNCTIONAL_NETLIST      ; Off                                    ; --            ; --                   ; eda_board_design_timing           ;
; EDA_GENERATE_FUNCTIONAL_NETLIST      ; Off                                    ; --            ; --                   ; eda_board_design_boundary_scan    ;
; EDA_GENERATE_FUNCTIONAL_NETLIST      ; Off                                    ; --            ; --                   ; eda_board_design_signal_integrity ;
; EDA_GENERATE_FUNCTIONAL_NETLIST      ; Off                                    ; --            ; --                   ; eda_board_design_symbol           ;
; EDA_NATIVELINK_SIMULATION_TEST_BENCH ; tb_simd_integration                    ; --            ; --                   ; eda_simulation                    ;
; EDA_OUTPUT_DATA_FORMAT               ; Systemverilog Hdl                      ; --            ; --                   ; eda_simulation                    ;
; EDA_SIMULATION_TOOL                  ; ModelSim (SystemVerilog)               ; <None>        ; --                   ; --                                ;
; EDA_TEST_BENCH_ENABLE_STATUS         ; TEST_BENCH_MODE                        ; --            ; --                   ; eda_simulation                    ;
; EDA_TEST_BENCH_FILE                  ; tb_simd_integration.sv                 ; --            ; --                   ; tb_simd_integration               ;
; EDA_TEST_BENCH_FILE                  ; tb_bilinear_interp.sv                  ; --            ; --                   ; tb_bilinear_interp                ;
; EDA_TEST_BENCH_MODULE_NAME           ; tb_simd_integration.sv                 ; --            ; --                   ; tb_simd_integration               ;
; EDA_TEST_BENCH_MODULE_NAME           ; tb_bilinear_interp                     ; --            ; --                   ; tb_bilinear_interp                ;
; EDA_TEST_BENCH_NAME                  ; tb_bilinear_interp                     ; --            ; --                   ; eda_simulation                    ;
; EDA_TEST_BENCH_NAME                  ; tb_simd_integration                    ; --            ; --                   ; eda_simulation                    ;
; EDA_TIME_SCALE                       ; 1 ps                                   ; --            ; --                   ; eda_simulation                    ;
; MAX_CORE_JUNCTION_TEMP               ; 85                                     ; --            ; --                   ; --                                ;
; MIN_CORE_JUNCTION_TEMP               ; 0                                      ; --            ; --                   ; --                                ;
; PARTITION_COLOR                      ; -- (Not supported for targeted family) ; --            ; bilinear_interp_simd ; Top                               ;
; PARTITION_FITTER_PRESERVATION_LEVEL  ; -- (Not supported for targeted family) ; --            ; bilinear_interp_simd ; Top                               ;
; PARTITION_NETLIST_TYPE               ; -- (Not supported for targeted family) ; --            ; bilinear_interp_simd ; Top                               ;
; POWER_BOARD_THERMAL_MODEL            ; None (CONSERVATIVE)                    ; --            ; --                   ; --                                ;
; POWER_PRESET_COOLING_SOLUTION        ; 23 MM HEAT SINK WITH 200 LFPM AIRFLOW  ; --            ; --                   ; --                                ;
; PROJECT_OUTPUT_DIRECTORY             ; output_files                           ; --            ; --                   ; --                                ;
; TOP_LEVEL_ENTITY                     ; bilinear_interp_simd                   ; Interpolacion ; --                   ; --                                ;
+--------------------------------------+----------------------------------------+---------------+----------------------+-----------------------------------+


+--------------------------------------------------------------------------------------------------------------------------+
; Flow Elapsed Time                                                                                                        ;
+----------------------+--------------+-------------------------+---------------------+------------------------------------+
; Module Name          ; Elapsed Time ; Average Processors Used ; Peak Virtual Memory ; Total CPU Time (on all processors) ;
+----------------------+--------------+-------------------------+---------------------+------------------------------------+
; Analysis & Synthesis ; 00:00:06     ; 1.0                     ; 554 MB              ; 00:00:13                           ;
; Fitter               ; 00:00:35     ; 1.1                     ; 2363 MB             ; 00:01:25                           ;
; Assembler            ; 00:00:05     ; 1.0                     ; 523 MB              ; 00:00:04                           ;
; Timing Analyzer      ; 00:00:04     ; 1.7                     ; 952 MB              ; 00:00:06                           ;
; EDA Netlist Writer   ; 00:00:01     ; 1.0                     ; 702 MB              ; 00:00:01                           ;
; Total                ; 00:00:51     ; --                      ; --                  ; 00:01:49                           ;
+----------------------+--------------+-------------------------+---------------------+------------------------------------+


+---------------------------------------------------------------------------------------+
; Flow OS Summary                                                                       ;
+----------------------+------------------+---------------+------------+----------------+
; Module Name          ; Machine Hostname ; OS Name       ; OS Version ; Processor type ;
+----------------------+------------------+---------------+------------+----------------+
; Analysis & Synthesis ; pop-os           ; Pop!_OS 22.04 ; 22         ; x86_64         ;
; Fitter               ; pop-os           ; Pop!_OS 22.04 ; 22         ; x86_64         ;
; Assembler            ; pop-os           ; Pop!_OS 22.04 ; 22         ; x86_64         ;
; Timing Analyzer      ; pop-os           ; Pop!_OS 22.04 ; 22         ; x86_64         ;
; EDA Netlist Writer   ; pop-os           ; Pop!_OS 22.04 ; 22         ; x86_64         ;
+----------------------+------------------+---------------+------------+----------------+


------------
; Flow Log ;
------------
quartus_map --read_settings_files=on --write_settings_files=off Interpolacion -c Interpolacion
quartus_fit --read_settings_files=off --write_settings_files=off Interpolacion -c Interpolacion
quartus_asm --read_settings_files=off --write_settings_files=off Interpolacion -c Interpolacion
quartus_sta Interpolacion -c Interpolacion
quartus_eda --read_settings_files=off --write_settings_files=off Interpolacion -c Interpolacion



