------------------------------------------------------------
Timing Analyzer Summary
------------------------------------------------------------

Type  : Slow 1100mV 85C Model Setup 'clk'
Slack : -6.432
TNS   : -50.763

Type  : Slow 1100mV 85C Model Hold 'clk'
Slack : 0.308
TNS   : 0.000

Type  : Slow 1100mV 85C Model Minimum Pulse Width 'clk'
Slack : -2.225
TNS   : -125.129

Type  : Slow 1100mV 0C Model Setup 'clk'
Slack : -6.679
TNS   : -52.621

Type  : Slow 1100mV 0C Model Hold 'clk'
Slack : 0.286
TNS   : 0.000

Type  : Slow 1100mV 0C Model Minimum Pulse Width 'clk'
Slack : -2.225
TNS   : -126.582

Type  : Fast 1100mV 85C Model Setup 'clk'
Slack : -3.116
TNS   : -24.445

Type  : Fast 1100mV 85C Model Hold 'clk'
Slack : 0.182
TNS   : 0.000

Type  : Fast 1100mV 85C Model Minimum Pulse Width 'clk'
Slack : -1.702
TNS   : -84.472

Type  : Fast 1100mV 0C Model Setup 'clk'
Slack : -2.890
TNS   : -22.630

Type  : Fast 1100mV 0C Model Hold 'clk'
Slack : 0.162
TNS   : 0.000

Type  : Fast 1100mV 0C Model Minimum Pulse Width 'clk'
Slack : -1.702
TNS   : -84.519

------------------------------------------------------------
